[E 240807 11:15:48 smartConnect:243] Error occurred while making a POST request to https://apiconnect.angelbroking.com/rest/secure/angelbroking/historical/v1/getCandleData. Error: Something Went Wrong, Please Try After Sometime. URL: https://apiconnect.angelbroking.com/rest/secure/angelbroking/historical/v1/getCandleData, Headers: {'Content-type': 'application/json', 'X-ClientLocalIP': '127.0.0.1', 'X-ClientPublicIP': '106.193.147.98', 'X-MACAddress': 'a0:59:50:3b:19:b9', 'Accept': 'application/json', 'X-PrivateKey': 'kCjGqi4m', 'X-UserType': 'USER', 'X-SourceID': 'WEB'}, Request: {'exchange': 'NSE', 'symboltoken': 2181, 'interval': 'ONE_DAY', 'fromdate': '2024-05-09 11:15', 'todate': '2024-08-07 11:15'}, Response: {'message': 'Something Went Wrong, Please Try After Sometime', 'errorcode': 'AB1004', 'status': False, 'data': None}
[E 240807 11:15:51 smartConnect:243] Error occurred while making a POST request to https://apiconnect.angelbroking.com/rest/secure/angelbroking/historical/v1/getCandleData. Error: Something Went Wrong, Please Try After Sometime. URL: https://apiconnect.angelbroking.com/rest/secure/angelbroking/historical/v1/getCandleData, Headers: {'Content-type': 'application/json', 'X-ClientLocalIP': '127.0.0.1', 'X-ClientPublicIP': '106.193.147.98', 'X-MACAddress': 'a0:59:50:3b:19:b9', 'Accept': 'application/json', 'X-PrivateKey': 'kCjGqi4m', 'X-UserType': 'USER', 'X-SourceID': 'WEB'}, Request: {'exchange': 'NSE', 'symboltoken': 3045, 'interval': 'FIVE_MINUTE', 'fromdate': '2024-05-09 11:15', 'todate': '2024-08-07 11:15'}, Response: {'message': 'Something Went Wrong, Please Try After Sometime', 'errorcode': 'AB1004', 'status': False, 'data': None}
[E 240807 11:15:55 smartConnect:243] Error occurred while making a POST request to https://apiconnect.angelbroking.com/rest/secure/angelbroking/historical/v1/getCandleData. Error: Something Went Wrong, Please Try After Sometime. URL: https://apiconnect.angelbroking.com/rest/secure/angelbroking/historical/v1/getCandleData, Headers: {'Content-type': 'application/json', 'X-ClientLocalIP': '127.0.0.1', 'X-ClientPublicIP': '106.193.147.98', 'X-MACAddress': 'a0:59:50:3b:19:b9', 'Accept': 'application/json', 'X-PrivateKey': 'kCjGqi4m', 'X-UserType': 'USER', 'X-SourceID': 'WEB'}, Request: {'exchange': 'NSE', 'symboltoken': 3045, 'interval': 'FIVE_MINUTE', 'fromdate': '2024-05-09 11:15', 'todate': '2024-08-07 11:15'}, Response: {'message': 'Something Went Wrong, Please Try After Sometime', 'errorcode': 'AB1004', 'status': False, 'data': None}
[E 240807 11:15:59 smartConnect:243] Error occurred while making a POST request to https://apiconnect.angelbroking.com/rest/secure/angelbroking/historical/v1/getCandleData. Error: Something Went Wrong, Please Try After Sometime. URL: https://apiconnect.angelbroking.com/rest/secure/angelbroking/historical/v1/getCandleData, Headers: {'Content-type': 'application/json', 'X-ClientLocalIP': '127.0.0.1', 'X-ClientPublicIP': '106.193.147.98', 'X-MACAddress': 'a0:59:50:3b:19:b9', 'Accept': 'application/json', 'X-PrivateKey': 'kCjGqi4m', 'X-UserType': 'USER', 'X-SourceID': 'WEB'}, Request: {'exchange': 'NSE', 'symboltoken': 3045, 'interval': 'FIVE_MINUTE', 'fromdate': '2024-05-09 11:15', 'todate': '2024-08-07 11:15'}, Response: {'message': 'Something Went Wrong, Please Try After Sometime', 'errorcode': 'AB1004', 'status': False, 'data': None}
[E 240807 11:30:43 smartConnect:243] Error occurred while making a POST request to https://apiconnect.angelbroking.com/rest/secure/angelbroking/historical/v1/getCandleData. Error: Something Went Wrong, Please Try After Sometime. URL: https://apiconnect.angelbroking.com/rest/secure/angelbroking/historical/v1/getCandleData, Headers: {'Content-type': 'application/json', 'X-ClientLocalIP': '127.0.0.1', 'X-ClientPublicIP': '106.193.147.98', 'X-MACAddress': 'a0:59:50:3b:19:b9', 'Accept': 'application/json', 'X-PrivateKey': 'kCjGqi4m', 'X-UserType': 'USER', 'X-SourceID': 'WEB'}, Request: {'exchange': 'NSE', 'symboltoken': 17903, 'interval': 'FIVE_MINUTE', 'fromdate': '2024-05-09 11:30', 'todate': '2024-08-07 11:30'}, Response: {'message': 'Something Went Wrong, Please Try After Sometime', 'errorcode': 'AB1004', 'status': False, 'data': None}
[E 240807 11:30:47 smartConnect:243] Error occurred while making a POST request to https://apiconnect.angelbroking.com/rest/secure/angelbroking/historical/v1/getCandleData. Error: Something Went Wrong, Please Try After Sometime. URL: https://apiconnect.angelbroking.com/rest/secure/angelbroking/historical/v1/getCandleData, Headers: {'Content-type': 'application/json', 'X-ClientLocalIP': '127.0.0.1', 'X-ClientPublicIP': '106.193.147.98', 'X-MACAddress': 'a0:59:50:3b:19:b9', 'Accept': 'application/json', 'X-PrivateKey': 'kCjGqi4m', 'X-UserType': 'USER', 'X-SourceID': 'WEB'}, Request: {'exchange': 'NSE', 'symboltoken': 3045, 'interval': 'FIVE_MINUTE', 'fromdate': '2024-05-09 11:30', 'todate': '2024-08-07 11:30'}, Response: {'message': 'Something Went Wrong, Please Try After Sometime', 'errorcode': 'AB1004', 'status': False, 'data': None}
[E 240807 11:30:50 smartConnect:243] Error occurred while making a POST request to https://apiconnect.angelbroking.com/rest/secure/angelbroking/historical/v1/getCandleData. Error: Something Went Wrong, Please Try After Sometime. URL: https://apiconnect.angelbroking.com/rest/secure/angelbroking/historical/v1/getCandleData, Headers: {'Content-type': 'application/json', 'X-ClientLocalIP': '127.0.0.1', 'X-ClientPublicIP': '106.193.147.98', 'X-MACAddress': 'a0:59:50:3b:19:b9', 'Accept': 'application/json', 'X-PrivateKey': 'kCjGqi4m', 'X-UserType': 'USER', 'X-SourceID': 'WEB'}, Request: {'exchange': 'NSE', 'symboltoken': 3045, 'interval': 'FIVE_MINUTE', 'fromdate': '2024-05-09 11:30', 'todate': '2024-08-07 11:30'}, Response: {'message': 'Something Went Wrong, Please Try After Sometime', 'errorcode': 'AB1004', 'status': False, 'data': None}
[E 240807 11:30:54 smartConnect:243] Error occurred while making a POST request to https://apiconnect.angelbroking.com/rest/secure/angelbroking/historical/v1/getCandleData. Error: Something Went Wrong, Please Try After Sometime. URL: https://apiconnect.angelbroking.com/rest/secure/angelbroking/historical/v1/getCandleData, Headers: {'Content-type': 'application/json', 'X-ClientLocalIP': '127.0.0.1', 'X-ClientPublicIP': '106.193.147.98', 'X-MACAddress': 'a0:59:50:3b:19:b9', 'Accept': 'application/json', 'X-PrivateKey': 'kCjGqi4m', 'X-UserType': 'USER', 'X-SourceID': 'WEB'}, Request: {'exchange': 'NSE', 'symboltoken': 3045, 'interval': 'FIVE_MINUTE', 'fromdate': '2024-05-09 11:30', 'todate': '2024-08-07 11:30'}, Response: {'message': 'Something Went Wrong, Please Try After Sometime', 'errorcode': 'AB1004', 'status': False, 'data': None}
[E 240807 11:30:57 smartConnect:243] Error occurred while making a POST request to https://apiconnect.angelbroking.com/rest/secure/angelbroking/historical/v1/getCandleData. Error: Something Went Wrong, Please Try After Sometime. URL: https://apiconnect.angelbroking.com/rest/secure/angelbroking/historical/v1/getCandleData, Headers: {'Content-type': 'application/json', 'X-ClientLocalIP': '127.0.0.1', 'X-ClientPublicIP': '106.193.147.98', 'X-MACAddress': 'a0:59:50:3b:19:b9', 'Accept': 'application/json', 'X-PrivateKey': 'kCjGqi4m', 'X-UserType': 'USER', 'X-SourceID': 'WEB'}, Request: {'exchange': 'NSE', 'symboltoken': 3045, 'interval': 'FIVE_MINUTE', 'fromdate': '2024-05-09 11:30', 'todate': '2024-08-07 11:30'}, Response: {'message': 'Something Went Wrong, Please Try After Sometime', 'errorcode': 'AB1004', 'status': False, 'data': None}
[E 240807 11:45:47 smartConnect:243] Error occurred while making a POST request to https://apiconnect.angelbroking.com/rest/secure/angelbroking/historical/v1/getCandleData. Error: Something Went Wrong, Please Try After Sometime. URL: https://apiconnect.angelbroking.com/rest/secure/angelbroking/historical/v1/getCandleData, Headers: {'Content-type': 'application/json', 'X-ClientLocalIP': '127.0.0.1', 'X-ClientPublicIP': '106.193.147.98', 'X-MACAddress': 'a0:59:50:3b:19:b9', 'Accept': 'application/json', 'X-PrivateKey': 'kCjGqi4m', 'X-UserType': 'USER', 'X-SourceID': 'WEB'}, Request: {'exchange': 'NSE', 'symboltoken': 772, 'interval': 'FIVE_MINUTE', 'fromdate': '2024-05-09 11:45', 'todate': '2024-08-07 11:45'}, Response: {'message': 'Something Went Wrong, Please Try After Sometime', 'errorcode': 'AB1004', 'status': False, 'data': None}
[E 240807 11:45:51 smartConnect:243] Error occurred while making a POST request to https://apiconnect.angelbroking.com/rest/secure/angelbroking/historical/v1/getCandleData. Error: Something Went Wrong, Please Try After Sometime. URL: https://apiconnect.angelbroking.com/rest/secure/angelbroking/historical/v1/getCandleData, Headers: {'Content-type': 'application/json', 'X-ClientLocalIP': '127.0.0.1', 'X-ClientPublicIP': '106.193.147.98', 'X-MACAddress': 'a0:59:50:3b:19:b9', 'Accept': 'application/json', 'X-PrivateKey': 'kCjGqi4m', 'X-UserType': 'USER', 'X-SourceID': 'WEB'}, Request: {'exchange': 'NSE', 'symboltoken': 3045, 'interval': 'FIVE_MINUTE', 'fromdate': '2024-05-09 11:45', 'todate': '2024-08-07 11:45'}, Response: {'message': 'Something Went Wrong, Please Try After Sometime', 'errorcode': 'AB1004', 'status': False, 'data': None}
[E 240807 11:45:54 smartConnect:243] Error occurred while making a POST request to https://apiconnect.angelbroking.com/rest/secure/angelbroking/historical/v1/getCandleData. Error: Something Went Wrong, Please Try After Sometime. URL: https://apiconnect.angelbroking.com/rest/secure/angelbroking/historical/v1/getCandleData, Headers: {'Content-type': 'application/json', 'X-ClientLocalIP': '127.0.0.1', 'X-ClientPublicIP': '106.193.147.98', 'X-MACAddress': 'a0:59:50:3b:19:b9', 'Accept': 'application/json', 'X-PrivateKey': 'kCjGqi4m', 'X-UserType': 'USER', 'X-SourceID': 'WEB'}, Request: {'exchange': 'NSE', 'symboltoken': 3045, 'interval': 'FIVE_MINUTE', 'fromdate': '2024-05-09 11:45', 'todate': '2024-08-07 11:45'}, Response: {'message': 'Something Went Wrong, Please Try After Sometime', 'errorcode': 'AB1004', 'status': False, 'data': None}
[E 240807 11:45:58 smartConnect:243] Error occurred while making a POST request to https://apiconnect.angelbroking.com/rest/secure/angelbroking/historical/v1/getCandleData. Error: Something Went Wrong, Please Try After Sometime. URL: https://apiconnect.angelbroking.com/rest/secure/angelbroking/historical/v1/getCandleData, Headers: {'Content-type': 'application/json', 'X-ClientLocalIP': '127.0.0.1', 'X-ClientPublicIP': '106.193.147.98', 'X-MACAddress': 'a0:59:50:3b:19:b9', 'Accept': 'application/json', 'X-PrivateKey': 'kCjGqi4m', 'X-UserType': 'USER', 'X-SourceID': 'WEB'}, Request: {'exchange': 'NSE', 'symboltoken': 3045, 'interval': 'FIVE_MINUTE', 'fromdate': '2024-05-09 11:45', 'todate': '2024-08-07 11:45'}, Response: {'message': 'Something Went Wrong, Please Try After Sometime', 'errorcode': 'AB1004', 'status': False, 'data': None}
[E 240807 12:00:45 smartConnect:243] Error occurred while making a POST request to https://apiconnect.angelbroking.com/rest/secure/angelbroking/historical/v1/getCandleData. Error: Something Went Wrong, Please Try After Sometime. URL: https://apiconnect.angelbroking.com/rest/secure/angelbroking/historical/v1/getCandleData, Headers: {'Content-type': 'application/json', 'X-ClientLocalIP': '127.0.0.1', 'X-ClientPublicIP': '106.193.147.98', 'X-MACAddress': 'a0:59:50:3b:19:b9', 'Accept': 'application/json', 'X-PrivateKey': 'kCjGqi4m', 'X-UserType': 'USER', 'X-SourceID': 'WEB'}, Request: {'exchange': 'NSE', 'symboltoken': 317, 'interval': 'FIVE_MINUTE', 'fromdate': '2024-05-09 12:00', 'todate': '2024-08-07 12:00'}, Response: {'message': 'Something Went Wrong, Please Try After Sometime', 'errorcode': 'AB1004', 'status': False, 'data': None}
[E 240807 12:00:48 smartConnect:243] Error occurred while making a POST request to https://apiconnect.angelbroking.com/rest/secure/angelbroking/historical/v1/getCandleData. Error: Something Went Wrong, Please Try After Sometime. URL: https://apiconnect.angelbroking.com/rest/secure/angelbroking/historical/v1/getCandleData, Headers: {'Content-type': 'application/json', 'X-ClientLocalIP': '127.0.0.1', 'X-ClientPublicIP': '106.193.147.98', 'X-MACAddress': 'a0:59:50:3b:19:b9', 'Accept': 'application/json', 'X-PrivateKey': 'kCjGqi4m', 'X-UserType': 'USER', 'X-SourceID': 'WEB'}, Request: {'exchange': 'NSE', 'symboltoken': 3045, 'interval': 'FIVE_MINUTE', 'fromdate': '2024-05-09 12:00', 'todate': '2024-08-07 12:00'}, Response: {'message': 'Something Went Wrong, Please Try After Sometime', 'errorcode': 'AB1004', 'status': False, 'data': None}
[E 240807 12:00:53 smartConnect:243] Error occurred while making a POST request to https://apiconnect.angelbroking.com/rest/secure/angelbroking/historical/v1/getCandleData. Error: Something Went Wrong, Please Try After Sometime. URL: https://apiconnect.angelbroking.com/rest/secure/angelbroking/historical/v1/getCandleData, Headers: {'Content-type': 'application/json', 'X-ClientLocalIP': '127.0.0.1', 'X-ClientPublicIP': '106.193.147.98', 'X-MACAddress': 'a0:59:50:3b:19:b9', 'Accept': 'application/json', 'X-PrivateKey': 'kCjGqi4m', 'X-UserType': 'USER', 'X-SourceID': 'WEB'}, Request: {'exchange': 'NSE', 'symboltoken': 3045, 'interval': 'FIVE_MINUTE', 'fromdate': '2024-05-09 12:00', 'todate': '2024-08-07 12:00'}, Response: {'message': 'Something Went Wrong, Please Try After Sometime', 'errorcode': 'AB1004', 'status': False, 'data': None}
[E 240807 12:00:56 smartConnect:243] Error occurred while making a POST request to https://apiconnect.angelbroking.com/rest/secure/angelbroking/historical/v1/getCandleData. Error: Something Went Wrong, Please Try After Sometime. URL: https://apiconnect.angelbroking.com/rest/secure/angelbroking/historical/v1/getCandleData, Headers: {'Content-type': 'application/json', 'X-ClientLocalIP': '127.0.0.1', 'X-ClientPublicIP': '106.193.147.98', 'X-MACAddress': 'a0:59:50:3b:19:b9', 'Accept': 'application/json', 'X-PrivateKey': 'kCjGqi4m', 'X-UserType': 'USER', 'X-SourceID': 'WEB'}, Request: {'exchange': 'NSE', 'symboltoken': 3045, 'interval': 'FIVE_MINUTE', 'fromdate': '2024-05-09 12:00', 'todate': '2024-08-07 12:00'}, Response: {'message': 'Something Went Wrong, Please Try After Sometime', 'errorcode': 'AB1004', 'status': False, 'data': None}
[E 240807 12:15:47 smartConnect:243] Error occurred while making a POST request to https://apiconnect.angelbroking.com/rest/secure/angelbroking/historical/v1/getCandleData. Error: Something Went Wrong, Please Try After Sometime. URL: https://apiconnect.angelbroking.com/rest/secure/angelbroking/historical/v1/getCandleData, Headers: {'Content-type': 'application/json', 'X-ClientLocalIP': '127.0.0.1', 'X-ClientPublicIP': '106.193.147.98', 'X-MACAddress': 'a0:59:50:3b:19:b9', 'Accept': 'application/json', 'X-PrivateKey': 'kCjGqi4m', 'X-UserType': 'USER', 'X-SourceID': 'WEB'}, Request: {'exchange': 'NSE', 'symboltoken': 772, 'interval': 'FIVE_MINUTE', 'fromdate': '2024-05-09 12:15', 'todate': '2024-08-07 12:15'}, Response: {'message': 'Something Went Wrong, Please Try After Sometime', 'errorcode': 'AB1004', 'status': False, 'data': None}
[E 240807 12:15:50 smartConnect:243] Error occurred while making a POST request to https://apiconnect.angelbroking.com/rest/secure/angelbroking/historical/v1/getCandleData. Error: Something Went Wrong, Please Try After Sometime. URL: https://apiconnect.angelbroking.com/rest/secure/angelbroking/historical/v1/getCandleData, Headers: {'Content-type': 'application/json', 'X-ClientLocalIP': '127.0.0.1', 'X-ClientPublicIP': '106.193.147.98', 'X-MACAddress': 'a0:59:50:3b:19:b9', 'Accept': 'application/json', 'X-PrivateKey': 'kCjGqi4m', 'X-UserType': 'USER', 'X-SourceID': 'WEB'}, Request: {'exchange': 'NSE', 'symboltoken': 3045, 'interval': 'FIVE_MINUTE', 'fromdate': '2024-05-09 12:15', 'todate': '2024-08-07 12:15'}, Response: {'message': 'Something Went Wrong, Please Try After Sometime', 'errorcode': 'AB1004', 'status': False, 'data': None}
[E 240807 12:15:54 smartConnect:243] Error occurred while making a POST request to https://apiconnect.angelbroking.com/rest/secure/angelbroking/historical/v1/getCandleData. Error: Something Went Wrong, Please Try After Sometime. URL: https://apiconnect.angelbroking.com/rest/secure/angelbroking/historical/v1/getCandleData, Headers: {'Content-type': 'application/json', 'X-ClientLocalIP': '127.0.0.1', 'X-ClientPublicIP': '106.193.147.98', 'X-MACAddress': 'a0:59:50:3b:19:b9', 'Accept': 'application/json', 'X-PrivateKey': 'kCjGqi4m', 'X-UserType': 'USER', 'X-SourceID': 'WEB'}, Request: {'exchange': 'NSE', 'symboltoken': 3045, 'interval': 'FIVE_MINUTE', 'fromdate': '2024-05-09 12:15', 'todate': '2024-08-07 12:15'}, Response: {'message': 'Something Went Wrong, Please Try After Sometime', 'errorcode': 'AB1004', 'status': False, 'data': None}
[E 240807 12:15:57 smartConnect:243] Error occurred while making a POST request to https://apiconnect.angelbroking.com/rest/secure/angelbroking/historical/v1/getCandleData. Error: Something Went Wrong, Please Try After Sometime. URL: https://apiconnect.angelbroking.com/rest/secure/angelbroking/historical/v1/getCandleData, Headers: {'Content-type': 'application/json', 'X-ClientLocalIP': '127.0.0.1', 'X-ClientPublicIP': '106.193.147.98', 'X-MACAddress': 'a0:59:50:3b:19:b9', 'Accept': 'application/json', 'X-PrivateKey': 'kCjGqi4m', 'X-UserType': 'USER', 'X-SourceID': 'WEB'}, Request: {'exchange': 'NSE', 'symboltoken': 3045, 'interval': 'FIVE_MINUTE', 'fromdate': '2024-05-09 12:15', 'todate': '2024-08-07 12:15'}, Response: {'message': 'Something Went Wrong, Please Try After Sometime', 'errorcode': 'AB1004', 'status': False, 'data': None}
[E 240807 12:27:49 smartConnect:243] Error occurred while making a POST request to https://apiconnect.angelbroking.com/rest/secure/angelbroking/historical/v1/getCandleData. Error: Something Went Wrong, Please Try After Sometime. URL: https://apiconnect.angelbroking.com/rest/secure/angelbroking/historical/v1/getCandleData, Headers: {'Content-type': 'application/json', 'X-ClientLocalIP': '127.0.0.1', 'X-ClientPublicIP': '106.193.147.98', 'X-MACAddress': 'a0:59:50:3b:19:b9', 'Accept': 'application/json', 'X-PrivateKey': 'kCjGqi4m', 'X-UserType': 'USER', 'X-SourceID': 'WEB'}, Request: {'exchange': 'NSE', 'interval': 'ONE_DAY', 'fromdate': '2024-05-09 12:27', 'todate': '2024-08-07 12:27'}, Response: {'message': 'Something Went Wrong, Please Try After Sometime', 'errorcode': 'AB1004', 'status': False, 'data': None}
[E 240807 12:30:38 smartConnect:243] Error occurred while making a POST request to https://apiconnect.angelbroking.com/rest/secure/angelbroking/historical/v1/getCandleData. Error: Something Went Wrong, Please Try After Sometime. URL: https://apiconnect.angelbroking.com/rest/secure/angelbroking/historical/v1/getCandleData, Headers: {'Content-type': 'application/json', 'X-ClientLocalIP': '127.0.0.1', 'X-ClientPublicIP': '106.193.147.98', 'X-MACAddress': 'a0:59:50:3b:19:b9', 'Accept': 'application/json', 'X-PrivateKey': 'kCjGqi4m', 'X-UserType': 'USER', 'X-SourceID': 'WEB'}, Request: {'exchange': 'NSE', 'interval': 'FIVE_MINUTE', 'fromdate': '2024-05-09 12:30', 'todate': '2024-08-07 12:30'}, Response: {'message': 'Something Went Wrong, Please Try After Sometime', 'errorcode': 'AB1004', 'status': False, 'data': None}
[E 240807 12:30:39 smartConnect:243] Error occurred while making a POST request to https://apiconnect.angelbroking.com/rest/secure/angelbroking/order/v1/getLtpData. Error: Invalid symboltoken. URL: https://apiconnect.angelbroking.com/rest/secure/angelbroking/order/v1/getLtpData, Headers: {'Content-type': 'application/json', 'X-ClientLocalIP': '127.0.0.1', 'X-ClientPublicIP': '106.193.147.98', 'X-MACAddress': 'a0:59:50:3b:19:b9', 'Accept': 'application/json', 'X-PrivateKey': 'kCjGqi4m', 'X-UserType': 'USER', 'X-SourceID': 'WEB'}, Request: {'exchange': 'NSE', 'tradingsymbol': 'NIFTY-EQ', 'symboltoken': None}, Response: {'message': 'Invalid symboltoken', 'errorcode': 'AB4006', 'status': False, 'data': None}
[E 240807 12:30:44 smartConnect:243] Error occurred while making a POST request to https://apiconnect.angelbroking.com/rest/secure/angelbroking/historical/v1/getCandleData. Error: Something Went Wrong, Please Try After Sometime. URL: https://apiconnect.angelbroking.com/rest/secure/angelbroking/historical/v1/getCandleData, Headers: {'Content-type': 'application/json', 'X-ClientLocalIP': '127.0.0.1', 'X-ClientPublicIP': '106.193.147.98', 'X-MACAddress': 'a0:59:50:3b:19:b9', 'Accept': 'application/json', 'X-PrivateKey': 'kCjGqi4m', 'X-UserType': 'USER', 'X-SourceID': 'WEB'}, Request: {'exchange': 'NSE', 'symboltoken': 13, 'interval': 'FIVE_MINUTE', 'fromdate': '2024-05-09 12:30', 'todate': '2024-08-07 12:30'}, Response: {'message': 'Something Went Wrong, Please Try After Sometime', 'errorcode': 'AB1004', 'status': False, 'data': None}
[E 240807 12:30:48 smartConnect:243] Error occurred while making a POST request to https://apiconnect.angelbroking.com/rest/secure/angelbroking/historical/v1/getCandleData. Error: Something Went Wrong, Please Try After Sometime. URL: https://apiconnect.angelbroking.com/rest/secure/angelbroking/historical/v1/getCandleData, Headers: {'Content-type': 'application/json', 'X-ClientLocalIP': '127.0.0.1', 'X-ClientPublicIP': '106.193.147.98', 'X-MACAddress': 'a0:59:50:3b:19:b9', 'Accept': 'application/json', 'X-PrivateKey': 'kCjGqi4m', 'X-UserType': 'USER', 'X-SourceID': 'WEB'}, Request: {'exchange': 'NSE', 'symboltoken': 3045, 'interval': 'FIVE_MINUTE', 'fromdate': '2024-05-09 12:30', 'todate': '2024-08-07 12:30'}, Response: {'message': 'Something Went Wrong, Please Try After Sometime', 'errorcode': 'AB1004', 'status': False, 'data': None}
[E 240807 12:30:52 smartConnect:243] Error occurred while making a POST request to https://apiconnect.angelbroking.com/rest/secure/angelbroking/historical/v1/getCandleData. Error: Something Went Wrong, Please Try After Sometime. URL: https://apiconnect.angelbroking.com/rest/secure/angelbroking/historical/v1/getCandleData, Headers: {'Content-type': 'application/json', 'X-ClientLocalIP': '127.0.0.1', 'X-ClientPublicIP': '106.193.147.98', 'X-MACAddress': 'a0:59:50:3b:19:b9', 'Accept': 'application/json', 'X-PrivateKey': 'kCjGqi4m', 'X-UserType': 'USER', 'X-SourceID': 'WEB'}, Request: {'exchange': 'NSE', 'symboltoken': 3045, 'interval': 'FIVE_MINUTE', 'fromdate': '2024-05-09 12:30', 'todate': '2024-08-07 12:30'}, Response: {'message': 'Something Went Wrong, Please Try After Sometime', 'errorcode': 'AB1004', 'status': False, 'data': None}
[E 240807 12:30:56 smartConnect:243] Error occurred while making a POST request to https://apiconnect.angelbroking.com/rest/secure/angelbroking/historical/v1/getCandleData. Error: Something Went Wrong, Please Try After Sometime. URL: https://apiconnect.angelbroking.com/rest/secure/angelbroking/historical/v1/getCandleData, Headers: {'Content-type': 'application/json', 'X-ClientLocalIP': '127.0.0.1', 'X-ClientPublicIP': '106.193.147.98', 'X-MACAddress': 'a0:59:50:3b:19:b9', 'Accept': 'application/json', 'X-PrivateKey': 'kCjGqi4m', 'X-UserType': 'USER', 'X-SourceID': 'WEB'}, Request: {'exchange': 'NSE', 'symboltoken': 3045, 'interval': 'FIVE_MINUTE', 'fromdate': '2024-05-09 12:30', 'todate': '2024-08-07 12:30'}, Response: {'message': 'Something Went Wrong, Please Try After Sometime', 'errorcode': 'AB1004', 'status': False, 'data': None}
[E 240807 12:30:59 smartConnect:243] Error occurred while making a POST request to https://apiconnect.angelbroking.com/rest/secure/angelbroking/historical/v1/getCandleData. Error: Something Went Wrong, Please Try After Sometime. URL: https://apiconnect.angelbroking.com/rest/secure/angelbroking/historical/v1/getCandleData, Headers: {'Content-type': 'application/json', 'X-ClientLocalIP': '127.0.0.1', 'X-ClientPublicIP': '106.193.147.98', 'X-MACAddress': 'a0:59:50:3b:19:b9', 'Accept': 'application/json', 'X-PrivateKey': 'kCjGqi4m', 'X-UserType': 'USER', 'X-SourceID': 'WEB'}, Request: {'exchange': 'NSE', 'symboltoken': 3045, 'interval': 'FIVE_MINUTE', 'fromdate': '2024-05-09 12:30', 'todate': '2024-08-07 12:30'}, Response: {'message': 'Something Went Wrong, Please Try After Sometime', 'errorcode': 'AB1004', 'status': False, 'data': None}
[E 240807 12:33:51 smartConnect:243] Error occurred while making a POST request to https://apiconnect.angelbroking.com/rest/secure/angelbroking/historical/v1/getCandleData. Error: Something Went Wrong, Please Try After Sometime. URL: https://apiconnect.angelbroking.com/rest/secure/angelbroking/historical/v1/getCandleData, Headers: {'Content-type': 'application/json', 'X-ClientLocalIP': '127.0.0.1', 'X-ClientPublicIP': '106.193.147.98', 'X-MACAddress': 'a0:59:50:3b:19:b9', 'Accept': 'application/json', 'X-PrivateKey': 'kCjGqi4m', 'X-UserType': 'USER', 'X-SourceID': 'WEB'}, Request: {'exchange': 'NSE', 'interval': 'FIVE_MINUTE', 'fromdate': '2024-05-09 12:33', 'todate': '2024-08-07 12:33'}, Response: {'message': 'Something Went Wrong, Please Try After Sometime', 'errorcode': 'AB1004', 'status': False, 'data': None}
[E 240807 12:33:52 smartConnect:243] Error occurred while making a POST request to https://apiconnect.angelbroking.com/rest/secure/angelbroking/order/v1/getLtpData. Error: Invalid symboltoken. URL: https://apiconnect.angelbroking.com/rest/secure/angelbroking/order/v1/getLtpData, Headers: {'Content-type': 'application/json', 'X-ClientLocalIP': '127.0.0.1', 'X-ClientPublicIP': '106.193.147.98', 'X-MACAddress': 'a0:59:50:3b:19:b9', 'Accept': 'application/json', 'X-PrivateKey': 'kCjGqi4m', 'X-UserType': 'USER', 'X-SourceID': 'WEB'}, Request: {'exchange': 'NSE', 'tradingsymbol': 'NIFTY-EQ', 'symboltoken': None}, Response: {'message': 'Invalid symboltoken', 'errorcode': 'AB4006', 'status': False, 'data': None}
[E 240807 12:36:44 smartConnect:243] Error occurred while making a POST request to https://apiconnect.angelbroking.com/rest/secure/angelbroking/historical/v1/getCandleData. Error: Something Went Wrong, Please Try After Sometime. URL: https://apiconnect.angelbroking.com/rest/secure/angelbroking/historical/v1/getCandleData, Headers: {'Content-type': 'application/json', 'X-ClientLocalIP': '127.0.0.1', 'X-ClientPublicIP': '106.193.147.98', 'X-MACAddress': 'a0:59:50:3b:19:b9', 'Accept': 'application/json', 'X-PrivateKey': 'kCjGqi4m', 'X-UserType': 'USER', 'X-SourceID': 'WEB'}, Request: {'exchange': 'NSE', 'interval': 'FIVE_MINUTE', 'fromdate': '2024-05-09 12:36', 'todate': '2024-08-07 12:36'}, Response: {'message': 'Something Went Wrong, Please Try After Sometime', 'errorcode': 'AB1004', 'status': False, 'data': None}
[E 240807 12:36:44 smartConnect:243] Error occurred while making a POST request to https://apiconnect.angelbroking.com/rest/secure/angelbroking/order/v1/getLtpData. Error: Invalid symboltoken. URL: https://apiconnect.angelbroking.com/rest/secure/angelbroking/order/v1/getLtpData, Headers: {'Content-type': 'application/json', 'X-ClientLocalIP': '127.0.0.1', 'X-ClientPublicIP': '106.193.147.98', 'X-MACAddress': 'a0:59:50:3b:19:b9', 'Accept': 'application/json', 'X-PrivateKey': 'kCjGqi4m', 'X-UserType': 'USER', 'X-SourceID': 'WEB'}, Request: {'exchange': 'NSE', 'tradingsymbol': 'NIFTY-EQ', 'symboltoken': None}, Response: {'message': 'Invalid symboltoken', 'errorcode': 'AB4006', 'status': False, 'data': None}
[E 240807 12:39:34 smartConnect:243] Error occurred while making a POST request to https://apiconnect.angelbroking.com/rest/secure/angelbroking/historical/v1/getCandleData. Error: Something Went Wrong, Please Try After Sometime. URL: https://apiconnect.angelbroking.com/rest/secure/angelbroking/historical/v1/getCandleData, Headers: {'Content-type': 'application/json', 'X-ClientLocalIP': '127.0.0.1', 'X-ClientPublicIP': '106.193.147.98', 'X-MACAddress': 'a0:59:50:3b:19:b9', 'Accept': 'application/json', 'X-PrivateKey': 'kCjGqi4m', 'X-UserType': 'USER', 'X-SourceID': 'WEB'}, Request: {'exchange': 'NSE', 'interval': 'FIVE_MINUTE', 'fromdate': '2024-05-09 12:39', 'todate': '2024-08-07 12:39'}, Response: {'message': 'Something Went Wrong, Please Try After Sometime', 'errorcode': 'AB1004', 'status': False, 'data': None}
[E 240807 12:39:35 smartConnect:243] Error occurred while making a POST request to https://apiconnect.angelbroking.com/rest/secure/angelbroking/order/v1/getLtpData. Error: Invalid symboltoken. URL: https://apiconnect.angelbroking.com/rest/secure/angelbroking/order/v1/getLtpData, Headers: {'Content-type': 'application/json', 'X-ClientLocalIP': '127.0.0.1', 'X-ClientPublicIP': '106.193.147.98', 'X-MACAddress': 'a0:59:50:3b:19:b9', 'Accept': 'application/json', 'X-PrivateKey': 'kCjGqi4m', 'X-UserType': 'USER', 'X-SourceID': 'WEB'}, Request: {'exchange': 'NSE', 'tradingsymbol': 'NIFTY-EQ', 'symboltoken': None}, Response: {'message': 'Invalid symboltoken', 'errorcode': 'AB4006', 'status': False, 'data': None}
[E 240807 13:36:48 smartConnect:218] Error occurred while making a POST request to https://apiconnect.angelbroking.com/rest/secure/angelbroking/historical/v1/getCandleData. Headers: {'Content-type': 'application/json', 'X-ClientLocalIP': '127.0.0.1', 'X-ClientPublicIP': '106.193.147.98', 'X-MACAddress': 'a0:59:50:3b:19:b9', 'Accept': 'application/json', 'X-PrivateKey': 'kCjGqi4m', 'X-UserType': 'USER', 'X-SourceID': 'WEB', 'Authorization': 'Bearer eyJhbGciOiJIUzUxMiJ9.eyJ1c2VybmFtZSI6IlM2MDYxMjE3NyIsInJvbGVzIjowLCJ1c2VydHlwZSI6IlVTRVIiLCJ0b2tlbiI6ImV5SmhiR2NpT2lKU1V6STFOaUlzSW5SNWNDSTZJa3BYVkNKOS5leUoxYzJWeVgzUjVjR1VpT2lKamJHbGxiblFpTENKMGIydGxibDkwZVhCbElqb2lkSEpoWkdWZllXTmpaWE56WDNSdmEyVnVJaXdpWjIxZmFXUWlPamtzSW5OdmRYSmpaU0k2SWpNaUxDSmtaWFpwWTJWZmFXUWlPaUkzWVRreE1HWTBOaTFqTWpGakxUTmpZemN0T0RNNE9TMHdZVGxpTkdObE1tWTBaRE1pTENKcmFXUWlPaUowY21Ga1pWOXJaWGxmZGpFaUxDSnZiVzVsYldGdVlXZGxjbWxrSWpvNUxDSndjbTlrZFdOMGN5STZleUprWlcxaGRDSTZleUp6ZEdGMGRYTWlPaUpoWTNScGRtVWlmWDBzSW1semN5STZJblJ5WVdSbFgyeHZaMmx1WDNObGNuWnBZMlVpTENKemRXSWlPaUpUTmpBMk1USXhOemNpTENKbGVIQWlPakUzTWpNeE1EazFOalFzSW01aVppSTZNVGN5TXpBd09UTXhOU3dpYVdGMElqb3hOekl6TURBNU16RTFMQ0pxZEdraU9pSXhOMlUxTW1Wa05DMHdPVEl3TFRRNVpHRXRPVE5qWXkxa1pHVXhORGN3TmprNVptVWlmUS5XTm9GNktDR3U2OFdlamVOMUxxS1I2SDJoYl9ZbV9Mb1NEcHlJSkUyNFBBTFA3eEVlekZYaUFGZWw3VFVQODR0ZS1xYVpjSDJPUnF6WGZXc3VxWmNEYWcwUUMybno3QlB5Y3hydF9rQnY4SHJwSW9nbENjcC1Rb1dXd3pfcDQteW5NSFBqcHBjOUxid1g4WDU3MUVDbU9ESEFpQXF2Q0JObmFXcERoWnJhc00iLCJBUEktS0VZIjoia0NqR3FpNG0iLCJpYXQiOjE3MjMwMDkzNzcsImV4cCI6MTcyMzEwOTU2NH0.dk_yhrRCdo2EAFBqyYl0BC3_AmysfgTlRqHEiUIOXbj5DOhrCxPEY-H58eUCoXEAOankK3ZMF_pNMl0wxN6ktA'}, Request: {'exchange': 'NSE', 'symboltoken': 676, 'interval': 'FIVE_MINUTE', 'fromdate': '2024-05-09 12:45', 'todate': '2024-08-07 12:45'}, Response: HTTPSConnectionPool(host='apiconnect.angelbroking.com', port=443): Read timed out. (read timeout=7)
[E 240807 13:36:48 AngelIntegration:93] Historic Api failed: HTTPSConnectionPool(host='apiconnect.angelbroking.com', port=443): Read timed out. (read timeout=7)
    Traceback (most recent call last):
      File "D:\Desktop\python projects\KranthiEmaCrpProject\.venv\Lib\site-packages\urllib3\connectionpool.py", line 466, in _make_request
        self._validate_conn(conn)
      File "D:\Desktop\python projects\KranthiEmaCrpProject\.venv\Lib\site-packages\urllib3\connectionpool.py", line 1095, in _validate_conn
        conn.connect()
      File "D:\Desktop\python projects\KranthiEmaCrpProject\.venv\Lib\site-packages\urllib3\connection.py", line 652, in connect
        sock_and_verified = _ssl_wrap_socket_and_match_hostname(
                            ^^^^^^^^^^^^^^^^^^^^^^^^^^^^^^^^^^^^
      File "D:\Desktop\python projects\KranthiEmaCrpProject\.venv\Lib\site-packages\urllib3\connection.py", line 805, in _ssl_wrap_socket_and_match_hostname
        ssl_sock = ssl_wrap_socket(
                   ^^^^^^^^^^^^^^^^
      File "D:\Desktop\python projects\KranthiEmaCrpProject\.venv\Lib\site-packages\urllib3\util\ssl_.py", line 465, in ssl_wrap_socket
        ssl_sock = _ssl_wrap_socket_impl(sock, context, tls_in_tls, server_hostname)
                   ^^^^^^^^^^^^^^^^^^^^^^^^^^^^^^^^^^^^^^^^^^^^^^^^^^^^^^^^^^^^^^^^^
      File "D:\Desktop\python projects\KranthiEmaCrpProject\.venv\Lib\site-packages\urllib3\util\ssl_.py", line 509, in _ssl_wrap_socket_impl
        return ssl_context.wrap_socket(sock, server_hostname=server_hostname)
               ^^^^^^^^^^^^^^^^^^^^^^^^^^^^^^^^^^^^^^^^^^^^^^^^^^^^^^^^^^^^^^
      File "C:\Users\pulki\AppData\Local\Programs\Python\Python311\Lib\ssl.py", line 517, in wrap_socket
        return self.sslsocket_class._create(
               ^^^^^^^^^^^^^^^^^^^^^^^^^^^^^
      File "C:\Users\pulki\AppData\Local\Programs\Python\Python311\Lib\ssl.py", line 1108, in _create
        self.do_handshake()
      File "C:\Users\pulki\AppData\Local\Programs\Python\Python311\Lib\ssl.py", line 1379, in do_handshake
        self._sslobj.do_handshake()
    TimeoutError: _ssl.c:989: The handshake operation timed out
    
    The above exception was the direct cause of the following exception:
    
    Traceback (most recent call last):
      File "D:\Desktop\python projects\KranthiEmaCrpProject\.venv\Lib\site-packages\requests\adapters.py", line 486, in send
        resp = conn.urlopen(
               ^^^^^^^^^^^^^
      File "D:\Desktop\python projects\KranthiEmaCrpProject\.venv\Lib\site-packages\urllib3\connectionpool.py", line 843, in urlopen
        retries = retries.increment(
                  ^^^^^^^^^^^^^^^^^^
      File "D:\Desktop\python projects\KranthiEmaCrpProject\.venv\Lib\site-packages\urllib3\util\retry.py", line 474, in increment
        raise reraise(type(error), error, _stacktrace)
              ^^^^^^^^^^^^^^^^^^^^^^^^^^^^^^^^^^^^^^^^
      File "D:\Desktop\python projects\KranthiEmaCrpProject\.venv\Lib\site-packages\urllib3\util\util.py", line 39, in reraise
        raise value
      File "D:\Desktop\python projects\KranthiEmaCrpProject\.venv\Lib\site-packages\urllib3\connectionpool.py", line 789, in urlopen
        response = self._make_request(
                   ^^^^^^^^^^^^^^^^^^^
      File "D:\Desktop\python projects\KranthiEmaCrpProject\.venv\Lib\site-packages\urllib3\connectionpool.py", line 490, in _make_request
        raise new_e
      File "D:\Desktop\python projects\KranthiEmaCrpProject\.venv\Lib\site-packages\urllib3\connectionpool.py", line 468, in _make_request
        self._raise_timeout(err=e, url=url, timeout_value=conn.timeout)
      File "D:\Desktop\python projects\KranthiEmaCrpProject\.venv\Lib\site-packages\urllib3\connectionpool.py", line 369, in _raise_timeout
        raise ReadTimeoutError(
    urllib3.exceptions.ReadTimeoutError: HTTPSConnectionPool(host='apiconnect.angelbroking.com', port=443): Read timed out. (read timeout=7)
    
    During handling of the above exception, another exception occurred:
    
    Traceback (most recent call last):
      File "D:\Desktop\python projects\KranthiEmaCrpProject\AngelIntegration.py", line 83, in get_historical_data_ema
        res = smartApi.getCandleData(historicParam)
              ^^^^^^^^^^^^^^^^^^^^^^^^^^^^^^^^^^^^^
      File "D:\Desktop\python projects\KranthiEmaCrpProject\SmartApi\smartConnect.py", line 462, in getCandleData
        getCandleDataResponse=self._postRequest("api.candle.data",historicDataParams)
                              ^^^^^^^^^^^^^^^^^^^^^^^^^^^^^^^^^^^^^^^^^^^^^^^^^^^^^^^
      File "D:\Desktop\python projects\KranthiEmaCrpProject\SmartApi\smartConnect.py", line 260, in _postRequest
        return self._request(route, "POST", params)
               ^^^^^^^^^^^^^^^^^^^^^^^^^^^^^^^^^^^^
      File "D:\Desktop\python projects\KranthiEmaCrpProject\SmartApi\smartConnect.py", line 219, in _request
        raise e
      File "D:\Desktop\python projects\KranthiEmaCrpProject\SmartApi\smartConnect.py", line 207, in _request
        r = requests.request(method,
            ^^^^^^^^^^^^^^^^^^^^^^^^
      File "D:\Desktop\python projects\KranthiEmaCrpProject\.venv\Lib\site-packages\requests\api.py", line 59, in request
        return session.request(method=method, url=url, **kwargs)
               ^^^^^^^^^^^^^^^^^^^^^^^^^^^^^^^^^^^^^^^^^^^^^^^^^
      File "D:\Desktop\python projects\KranthiEmaCrpProject\.venv\Lib\site-packages\requests\sessions.py", line 589, in request
        resp = self.send(prep, **send_kwargs)
               ^^^^^^^^^^^^^^^^^^^^^^^^^^^^^^
      File "D:\Desktop\python projects\KranthiEmaCrpProject\.venv\Lib\site-packages\requests\sessions.py", line 703, in send
        r = adapter.send(request, **kwargs)
            ^^^^^^^^^^^^^^^^^^^^^^^^^^^^^^^
      File "D:\Desktop\python projects\KranthiEmaCrpProject\.venv\Lib\site-packages\requests\adapters.py", line 532, in send
        raise ReadTimeout(e, request=request)
    requests.exceptions.ReadTimeout: HTTPSConnectionPool(host='apiconnect.angelbroking.com', port=443): Read timed out. (read timeout=7)
